#! /usr/local/bin/vvp
:ivl_version "13.0 (devel)" "(s20250103-66-gd67d3323a)";
:ivl_delay_selection "TYPICAL";
:vpi_time_precision - 12;
:vpi_module "/usr/local/lib/ivl/system.vpi";
:vpi_module "/usr/local/lib/ivl/vhdl_sys.vpi";
:vpi_module "/usr/local/lib/ivl/vhdl_textio.vpi";
:vpi_module "/usr/local/lib/ivl/v2005_math.vpi";
:vpi_module "/usr/local/lib/ivl/va_math.vpi";
S_0x6410e65cf1c0 .scope module, "tb_blackjack_core" "tb_blackjack_core" 2 3;
 .timescale -9 -12;
v0x6410e65f47a0_0 .net "balance", 9 0, v0x6410e65f2700_0;  1 drivers
v0x6410e65f4880_0 .var "clk", 0 0;
v0x6410e65f4920_0 .net "dbg_blackjack", 0 0, L_0x6410e65f6db0;  1 drivers
v0x6410e65f49f0_0 .net "dbg_deal_count", 1 0, L_0x6410e65f6cf0;  1 drivers
v0x6410e65f4ac0_0 .net "dbg_last_card", 4 0, L_0x6410e65f6c30;  1 drivers
v0x6410e65f4bb0_0 .var "dbl", 0 0;
v0x6410e65f4c80_0 .net "dealer_card1", 3 0, v0x6410e65f2ff0_0;  1 drivers
v0x6410e65f4d50_0 .net "dealer_card2", 3 0, v0x6410e65f30d0_0;  1 drivers
v0x6410e65f4e20_0 .net "dealer_card3", 3 0, v0x6410e65f31b0_0;  1 drivers
v0x6410e65f4ef0_0 .net "dealer_card4", 3 0, v0x6410e65f3290_0;  1 drivers
v0x6410e65f4fc0_0 .net "dealer_card5", 3 0, v0x6410e65f3370_0;  1 drivers
v0x6410e65f5090_0 .net "dealer_total", 5 0, v0x6410e65f3530_0;  1 drivers
v0x6410e65f5160_0 .var "hit", 0 0;
v0x6410e65f5230_0 .var "rst_n", 0 0;
v0x6410e65f52d0_0 .var "stand", 0 0;
v0x6410e65f5370_0 .var "start", 0 0;
v0x6410e65f5440_0 .net "user_card1", 3 0, v0x6410e65f3c70_0;  1 drivers
v0x6410e65f5510_0 .net "user_card2", 3 0, v0x6410e65f3d50_0;  1 drivers
v0x6410e65f55e0_0 .net "user_card3", 3 0, v0x6410e65f3e30_0;  1 drivers
v0x6410e65f56b0_0 .net "user_card4", 3 0, v0x6410e65f3f10_0;  1 drivers
v0x6410e65f5780_0 .net "user_card5", 3 0, v0x6410e65f4200_0;  1 drivers
v0x6410e65f5850_0 .net "user_total", 5 0, v0x6410e65f43c0_0;  1 drivers
S_0x6410e65bf910 .scope module, "uut" "blackjack_core" 2 24, 3 8 0, S_0x6410e65cf1c0;
 .timescale -9 -12;
    .port_info 0 /INPUT 1 "clk";
    .port_info 1 /INPUT 1 "rst_n";
    .port_info 2 /INPUT 1 "btn_hit";
    .port_info 3 /INPUT 1 "btn_stand";
    .port_info 4 /INPUT 1 "btn_double";
    .port_info 5 /INPUT 1 "btn_start";
    .port_info 6 /INPUT 1 "rng_load";
    .port_info 7 /INPUT 16 "rng_seed";
    .port_info 8 /OUTPUT 6 "user_total";
    .port_info 9 /OUTPUT 6 "dealer_total";
    .port_info 10 /OUTPUT 10 "balance";
    .port_info 11 /OUTPUT 4 "user_card1";
    .port_info 12 /OUTPUT 4 "user_card2";
    .port_info 13 /OUTPUT 4 "user_card3";
    .port_info 14 /OUTPUT 4 "user_card4";
    .port_info 15 /OUTPUT 4 "user_card5";
    .port_info 16 /OUTPUT 4 "dealer_card1";
    .port_info 17 /OUTPUT 4 "dealer_card2";
    .port_info 18 /OUTPUT 4 "dealer_card3";
    .port_info 19 /OUTPUT 4 "dealer_card4";
    .port_info 20 /OUTPUT 4 "dealer_card5";
    .port_info 21 /OUTPUT 5 "dbg_last_card";
    .port_info 22 /OUTPUT 2 "dbg_deal_count";
    .port_info 23 /OUTPUT 1 "dbg_blackjack";
P_0x6410e65bfaf0 .param/l "S_DEALER_TURN" 1 3 64, C4<011>;
P_0x6410e65bfb30 .param/l "S_IDLE" 1 3 61, C4<000>;
P_0x6410e65bfb70 .param/l "S_INIT_DEAL" 1 3 62, C4<001>;
P_0x6410e65bfbb0 .param/l "S_PLAYER_TURN" 1 3 63, C4<010>;
P_0x6410e65bfbf0 .param/l "S_UPDATE_BAL" 1 3 65, C4<100>;
L_0x6410e65f62f0 .functor OR 1, v0x6410e65f4bb0_0, v0x6410e65f52d0_0, C4<0>, C4<0>;
L_0x6410e65f6b20 .functor OR 1, L_0x6410e65f62f0, L_0x6410e65f69e0, C4<0>, C4<0>;
L_0x6410e65f6c30 .functor BUFZ 5, L_0x6410e65f6760, C4<00000>, C4<00000>, C4<00000>;
L_0x6410e65f6cf0 .functor BUFZ 2, v0x6410e65f2f10_0, C4<00>, C4<00>, C4<00>;
L_0x6410e65f6db0 .functor BUFZ 1, v0x6410e65f27e0_0, C4<0>, C4<0>, C4<0>;
v0x6410e65f2470_0 .net *"_ivl_1", 0 0, L_0x6410e65f62f0;  1 drivers
L_0x7df79f9b7180 .functor BUFT 1, C4<010101>, C4<0>, C4<0>, C4<0>;
v0x6410e65f2550_0 .net/2u *"_ivl_2", 5 0, L_0x7df79f9b7180;  1 drivers
v0x6410e65f2630_0 .net *"_ivl_4", 0 0, L_0x6410e65f69e0;  1 drivers
v0x6410e65f2700_0 .var "balance", 9 0;
v0x6410e65f27e0_0 .var "blackjack", 0 0;
v0x6410e65f28f0_0 .net "btn_double", 0 0, v0x6410e65f4bb0_0;  1 drivers
v0x6410e65f29b0_0 .net "btn_hit", 0 0, v0x6410e65f5160_0;  1 drivers
v0x6410e65f2a70_0 .net "btn_stand", 0 0, v0x6410e65f52d0_0;  1 drivers
v0x6410e65f2b30_0 .net "btn_start", 0 0, v0x6410e65f5370_0;  1 drivers
v0x6410e65f2bf0_0 .net "clk", 0 0, v0x6410e65f4880_0;  1 drivers
v0x6410e65f2c90_0 .net "dbg_blackjack", 0 0, L_0x6410e65f6db0;  alias, 1 drivers
v0x6410e65f2d50_0 .net "dbg_deal_count", 1 0, L_0x6410e65f6cf0;  alias, 1 drivers
v0x6410e65f2e30_0 .net "dbg_last_card", 4 0, L_0x6410e65f6c30;  alias, 1 drivers
v0x6410e65f2f10_0 .var "deal_count", 1 0;
v0x6410e65f2ff0_0 .var "dealer_card1", 3 0;
v0x6410e65f30d0_0 .var "dealer_card2", 3 0;
v0x6410e65f31b0_0 .var "dealer_card3", 3 0;
v0x6410e65f3290_0 .var "dealer_card4", 3 0;
v0x6410e65f3370_0 .var "dealer_card5", 3 0;
v0x6410e65f3450_0 .var "dealer_num_cards", 2 0;
v0x6410e65f3530_0 .var "dealer_total", 5 0;
v0x6410e65f3610_0 .var "is_doubled", 0 0;
v0x6410e65f36d0_0 .net "next_card_val", 4 0, L_0x6410e65f6760;  1 drivers
v0x6410e65f3790_0 .var "next_state", 2 0;
v0x6410e65f3850_0 .net "player_finish_turn", 0 0, L_0x6410e65f6b20;  1 drivers
L_0x7df79f9b71c8 .functor BUFT 1, C4<0>, C4<0>, C4<0>, C4<0>;
v0x6410e65f3910_0 .net "rng_load", 0 0, L_0x7df79f9b71c8;  1 drivers
L_0x7df79f9b7210 .functor BUFT 1, C4<1010110011100001>, C4<0>, C4<0>, C4<0>;
v0x6410e65f3a00_0 .net "rng_seed", 15 0, L_0x7df79f9b7210;  1 drivers
v0x6410e65f3b10_0 .net "rst_n", 0 0, v0x6410e65f5230_0;  1 drivers
v0x6410e65f3bb0_0 .var "state", 2 0;
v0x6410e65f3c70_0 .var "user_card1", 3 0;
v0x6410e65f3d50_0 .var "user_card2", 3 0;
v0x6410e65f3e30_0 .var "user_card3", 3 0;
v0x6410e65f3f10_0 .var "user_card4", 3 0;
v0x6410e65f4200_0 .var "user_card5", 3 0;
v0x6410e65f42e0_0 .var "user_num_cards", 2 0;
v0x6410e65f43c0_0 .var "user_total", 5 0;
E_0x6410e65a1ed0/0 .event anyedge, v0x6410e65f3bb0_0, v0x6410e65f2b30_0, v0x6410e65f2f10_0, v0x6410e65f27e0_0;
E_0x6410e65a1ed0/1 .event anyedge, v0x6410e65f3850_0, v0x6410e65f43c0_0, v0x6410e65f3530_0;
E_0x6410e65a1ed0 .event/or E_0x6410e65a1ed0/0, E_0x6410e65a1ed0/1;
E_0x6410e659b200/0 .event negedge, v0x6410e65f1ce0_0;
E_0x6410e659b200/1 .event posedge, v0x6410e65f0b60_0;
E_0x6410e659b200 .event/or E_0x6410e659b200/0, E_0x6410e659b200/1;
L_0x6410e65f69e0 .cmp/eq 6, v0x6410e65f43c0_0, L_0x7df79f9b7180;
S_0x6410e6560070 .scope module, "card_rng" "rng_card" 3 50, 4 6 0, S_0x6410e65bf910;
 .timescale -9 -12;
    .port_info 0 /INPUT 1 "clk";
    .port_info 1 /INPUT 1 "rst_n";
    .port_info 2 /INPUT 1 "load";
    .port_info 3 /INPUT 16 "seed";
    .port_info 4 /OUTPUT 5 "card_val";
L_0x6410e65f5e80 .functor NOT 1, v0x6410e65f5230_0, C4<0>, C4<0>, C4<0>;
L_0x7df79f9b7060 .functor BUFT 1, C4<0>, C4<0>, C4<0>, C4<0>;
v0x6410e65f10c0_0 .net *"_ivl_11", 0 0, L_0x7df79f9b7060;  1 drivers
L_0x7df79f9b70a8 .functor BUFT 1, C4<11000>, C4<0>, C4<0>, C4<0>;
v0x6410e65f11c0_0 .net/2u *"_ivl_12", 4 0, L_0x7df79f9b70a8;  1 drivers
v0x6410e65f12a0_0 .net *"_ivl_14", 4 0, L_0x6410e65f6250;  1 drivers
v0x6410e65f1360_0 .net *"_ivl_16", 4 0, L_0x6410e65f6460;  1 drivers
L_0x7df79f9b70f0 .functor BUFT 1, C4<0>, C4<0>, C4<0>, C4<0>;
v0x6410e65f1440_0 .net *"_ivl_19", 0 0, L_0x7df79f9b70f0;  1 drivers
L_0x7df79f9b7138 .functor BUFT 1, C4<00010>, C4<0>, C4<0>, C4<0>;
v0x6410e65f1520_0 .net/2u *"_ivl_20", 4 0, L_0x7df79f9b7138;  1 drivers
v0x6410e65f1600_0 .net *"_ivl_22", 4 0, L_0x6410e65f65e0;  1 drivers
L_0x7df79f9b7018 .functor BUFT 1, C4<1001>, C4<0>, C4<0>, C4<0>;
v0x6410e65f16e0_0 .net/2u *"_ivl_4", 3 0, L_0x7df79f9b7018;  1 drivers
v0x6410e65f17c0_0 .net *"_ivl_6", 0 0, L_0x6410e65f5fc0;  1 drivers
v0x6410e65f1880_0 .net *"_ivl_8", 4 0, L_0x6410e65f6130;  1 drivers
v0x6410e65f1960_0 .net "card_val", 4 0, L_0x6410e65f6760;  alias, 1 drivers
v0x6410e65f1a40_0 .net "clk", 0 0, v0x6410e65f4880_0;  alias, 1 drivers
v0x6410e65f1ae0_0 .net "load", 0 0, L_0x7df79f9b71c8;  alias, 1 drivers
v0x6410e65f1b80_0 .net "raw", 3 0, L_0x6410e65f5ef0;  1 drivers
v0x6410e65f1c20_0 .net "rnd", 15 0, v0x6410e65f0da0_0;  1 drivers
v0x6410e65f1ce0_0 .net "rst_n", 0 0, v0x6410e65f5230_0;  alias, 1 drivers
v0x6410e65f1d80_0 .net "seed", 15 0, L_0x7df79f9b7210;  alias, 1 drivers
L_0x6410e65f5ef0 .part v0x6410e65f0da0_0, 0, 4;
L_0x6410e65f5fc0 .cmp/gt 4, L_0x6410e65f5ef0, L_0x7df79f9b7018;
L_0x6410e65f6130 .concat [ 4 1 0 0], L_0x6410e65f5ef0, L_0x7df79f9b7060;
L_0x6410e65f6250 .arith/sum 5, L_0x6410e65f6130, L_0x7df79f9b70a8;
L_0x6410e65f6460 .concat [ 4 1 0 0], L_0x6410e65f5ef0, L_0x7df79f9b70f0;
L_0x6410e65f65e0 .arith/sum 5, L_0x6410e65f6460, L_0x7df79f9b7138;
L_0x6410e65f6760 .functor MUXZ 5, L_0x6410e65f65e0, L_0x6410e65f6250, L_0x6410e65f5fc0, C4<>;
S_0x6410e65c25e0 .scope module, "lfsr_inst" "lfsr16" 4 17, 5 15 0, S_0x6410e6560070;
 .timescale -9 -12;
    .port_info 0 /INPUT 1 "clk";
    .port_info 1 /INPUT 1 "rst";
    .port_info 2 /INPUT 1 "load";
    .port_info 3 /INPUT 16 "seed";
    .port_info 4 /OUTPUT 16 "rnd";
L_0x6410e65d03b0 .functor XOR 1, L_0x6410e65f5920, L_0x6410e65f5a40, C4<0>, C4<0>;
L_0x6410e65d0420 .functor XOR 1, L_0x6410e65d03b0, L_0x6410e65f5bb0, C4<0>, C4<0>;
L_0x6410e65f5d70 .functor XOR 1, L_0x6410e65d0420, L_0x6410e65f5ca0, C4<0>, C4<0>;
v0x6410e65c2890_0 .net *"_ivl_1", 0 0, L_0x6410e65f5920;  1 drivers
v0x6410e65f06d0_0 .net *"_ivl_11", 0 0, L_0x6410e65f5ca0;  1 drivers
v0x6410e65f07b0_0 .net *"_ivl_3", 0 0, L_0x6410e65f5a40;  1 drivers
v0x6410e65f0870_0 .net *"_ivl_4", 0 0, L_0x6410e65d03b0;  1 drivers
v0x6410e65f0950_0 .net *"_ivl_7", 0 0, L_0x6410e65f5bb0;  1 drivers
v0x6410e65f0a80_0 .net *"_ivl_8", 0 0, L_0x6410e65d0420;  1 drivers
v0x6410e65f0b60_0 .net "clk", 0 0, v0x6410e65f4880_0;  alias, 1 drivers
v0x6410e65f0c20_0 .net "feedback", 0 0, L_0x6410e65f5d70;  1 drivers
v0x6410e65f0ce0_0 .net "load", 0 0, L_0x7df79f9b71c8;  alias, 1 drivers
v0x6410e65f0da0_0 .var "rnd", 15 0;
v0x6410e65f0e80_0 .net "rst", 0 0, L_0x6410e65f5e80;  1 drivers
v0x6410e65f0f40_0 .net "seed", 15 0, L_0x7df79f9b7210;  alias, 1 drivers
E_0x6410e6593570 .event posedge, v0x6410e65f0e80_0, v0x6410e65f0b60_0;
L_0x6410e65f5920 .part v0x6410e65f0da0_0, 0, 1;
L_0x6410e65f5a40 .part v0x6410e65f0da0_0, 2, 1;
L_0x6410e65f5bb0 .part v0x6410e65f0da0_0, 3, 1;
L_0x6410e65f5ca0 .part v0x6410e65f0da0_0, 5, 1;
S_0x6410e65f1f20 .scope task, "give_card_to_dealer" "give_card_to_dealer" 3 100, 3 100 0, S_0x6410e65bf910;
 .timescale -9 -12;
v0x6410e65f20d0_0 .var "card", 4 0;
TD_tb_blackjack_core.uut.give_card_to_dealer ;
    %load/vec4 v0x6410e65f3450_0;
    %pad/u 32;
    %cmpi/u 5, 0, 32;
    %jmp/0xz  T_0.0, 5;
    %load/vec4 v0x6410e65f3450_0;
    %dup/vec4;
    %pushi/vec4 0, 0, 3;
    %cmp/u;
    %jmp/1 T_0.2, 6;
    %dup/vec4;
    %pushi/vec4 1, 0, 3;
    %cmp/u;
    %jmp/1 T_0.3, 6;
    %dup/vec4;
    %pushi/vec4 2, 0, 3;
    %cmp/u;
    %jmp/1 T_0.4, 6;
    %dup/vec4;
    %pushi/vec4 3, 0, 3;
    %cmp/u;
    %jmp/1 T_0.5, 6;
    %dup/vec4;
    %pushi/vec4 4, 0, 3;
    %cmp/u;
    %jmp/1 T_0.6, 6;
    %jmp T_0.8;
T_0.2 ;
    %load/vec4 v0x6410e65f20d0_0;
    %parti/s 4, 0, 2;
    %assign/vec4 v0x6410e65f2ff0_0, 0;
    %jmp T_0.8;
T_0.3 ;
    %load/vec4 v0x6410e65f20d0_0;
    %parti/s 4, 0, 2;
    %assign/vec4 v0x6410e65f30d0_0, 0;
    %jmp T_0.8;
T_0.4 ;
    %load/vec4 v0x6410e65f20d0_0;
    %parti/s 4, 0, 2;
    %assign/vec4 v0x6410e65f31b0_0, 0;
    %jmp T_0.8;
T_0.5 ;
    %load/vec4 v0x6410e65f20d0_0;
    %parti/s 4, 0, 2;
    %assign/vec4 v0x6410e65f3290_0, 0;
    %jmp T_0.8;
T_0.6 ;
    %load/vec4 v0x6410e65f20d0_0;
    %parti/s 4, 0, 2;
    %assign/vec4 v0x6410e65f3370_0, 0;
    %jmp T_0.8;
T_0.8 ;
    %pop/vec4 1;
    %load/vec4 v0x6410e65f3450_0;
    %addi 1, 0, 3;
    %assign/vec4 v0x6410e65f3450_0, 0;
T_0.0 ;
    %load/vec4 v0x6410e65f3530_0;
    %load/vec4 v0x6410e65f20d0_0;
    %parti/s 6, 0, 2;
    %add;
    %assign/vec4 v0x6410e65f3530_0, 0;
    %end;
S_0x6410e65f21b0 .scope task, "give_card_to_user" "give_card_to_user" 3 82, 3 82 0, S_0x6410e65bf910;
 .timescale -9 -12;
v0x6410e65f2390_0 .var "card", 4 0;
TD_tb_blackjack_core.uut.give_card_to_user ;
    %load/vec4 v0x6410e65f42e0_0;
    %pad/u 32;
    %cmpi/u 5, 0, 32;
    %jmp/0xz  T_1.9, 5;
    %load/vec4 v0x6410e65f42e0_0;
    %dup/vec4;
    %pushi/vec4 0, 0, 3;
    %cmp/u;
    %jmp/1 T_1.11, 6;
    %dup/vec4;
    %pushi/vec4 1, 0, 3;
    %cmp/u;
    %jmp/1 T_1.12, 6;
    %dup/vec4;
    %pushi/vec4 2, 0, 3;
    %cmp/u;
    %jmp/1 T_1.13, 6;
    %dup/vec4;
    %pushi/vec4 3, 0, 3;
    %cmp/u;
    %jmp/1 T_1.14, 6;
    %dup/vec4;
    %pushi/vec4 4, 0, 3;
    %cmp/u;
    %jmp/1 T_1.15, 6;
    %jmp T_1.17;
T_1.11 ;
    %load/vec4 v0x6410e65f2390_0;
    %parti/s 4, 0, 2;
    %assign/vec4 v0x6410e65f3c70_0, 0;
    %jmp T_1.17;
T_1.12 ;
    %load/vec4 v0x6410e65f2390_0;
    %parti/s 4, 0, 2;
    %assign/vec4 v0x6410e65f3d50_0, 0;
    %jmp T_1.17;
T_1.13 ;
    %load/vec4 v0x6410e65f2390_0;
    %parti/s 4, 0, 2;
    %assign/vec4 v0x6410e65f3e30_0, 0;
    %jmp T_1.17;
T_1.14 ;
    %load/vec4 v0x6410e65f2390_0;
    %parti/s 4, 0, 2;
    %assign/vec4 v0x6410e65f3f10_0, 0;
    %jmp T_1.17;
T_1.15 ;
    %load/vec4 v0x6410e65f2390_0;
    %parti/s 4, 0, 2;
    %assign/vec4 v0x6410e65f4200_0, 0;
    %jmp T_1.17;
T_1.17 ;
    %pop/vec4 1;
    %load/vec4 v0x6410e65f42e0_0;
    %addi 1, 0, 3;
    %assign/vec4 v0x6410e65f42e0_0, 0;
T_1.9 ;
    %load/vec4 v0x6410e65f43c0_0;
    %load/vec4 v0x6410e65f2390_0;
    %parti/s 6, 0, 2;
    %add;
    %assign/vec4 v0x6410e65f43c0_0, 0;
    %end;
    .scope S_0x6410e65c25e0;
T_2 ;
    %wait E_0x6410e6593570;
    %load/vec4 v0x6410e65f0e80_0;
    %flag_set/vec4 8;
    %jmp/0xz  T_2.0, 8;
    %pushi/vec4 6862, 0, 16;
    %assign/vec4 v0x6410e65f0da0_0, 0;
    %jmp T_2.1;
T_2.0 ;
    %load/vec4 v0x6410e65f0ce0_0;
    %flag_set/vec4 8;
    %jmp/0xz  T_2.2, 8;
    %load/vec4 v0x6410e65f0f40_0;
    %assign/vec4 v0x6410e65f0da0_0, 0;
    %jmp T_2.3;
T_2.2 ;
    %load/vec4 v0x6410e65f0c20_0;
    %load/vec4 v0x6410e65f0da0_0;
    %parti/s 15, 1, 2;
    %concat/vec4; draw_concat_vec4
    %assign/vec4 v0x6410e65f0da0_0, 0;
T_2.3 ;
T_2.1 ;
    %jmp T_2;
    .thread T_2;
    .scope S_0x6410e65bf910;
T_3 ;
    %wait E_0x6410e659b200;
    %load/vec4 v0x6410e65f3b10_0;
    %nor/r;
    %flag_set/vec4 8;
    %jmp/0xz  T_3.0, 8;
    %pushi/vec4 0, 0, 3;
    %assign/vec4 v0x6410e65f3bb0_0, 0;
    %pushi/vec4 0, 0, 6;
    %assign/vec4 v0x6410e65f43c0_0, 0;
    %pushi/vec4 0, 0, 6;
    %assign/vec4 v0x6410e65f3530_0, 0;
    %pushi/vec4 500, 0, 10;
    %assign/vec4 v0x6410e65f2700_0, 0;
    %pushi/vec4 0, 0, 2;
    %assign/vec4 v0x6410e65f2f10_0, 0;
    %pushi/vec4 0, 0, 1;
    %assign/vec4 v0x6410e65f3610_0, 0;
    %pushi/vec4 0, 0, 1;
    %assign/vec4 v0x6410e65f27e0_0, 0;
    %pushi/vec4 0, 0, 3;
    %assign/vec4 v0x6410e65f42e0_0, 0;
    %pushi/vec4 0, 0, 3;
    %assign/vec4 v0x6410e65f3450_0, 0;
    %pushi/vec4 0, 0, 4;
    %assign/vec4 v0x6410e65f3c70_0, 0;
    %pushi/vec4 0, 0, 4;
    %assign/vec4 v0x6410e65f3d50_0, 0;
    %pushi/vec4 0, 0, 4;
    %assign/vec4 v0x6410e65f3e30_0, 0;
    %pushi/vec4 0, 0, 4;
    %assign/vec4 v0x6410e65f3f10_0, 0;
    %pushi/vec4 0, 0, 4;
    %assign/vec4 v0x6410e65f4200_0, 0;
    %pushi/vec4 0, 0, 4;
    %assign/vec4 v0x6410e65f2ff0_0, 0;
    %pushi/vec4 0, 0, 4;
    %assign/vec4 v0x6410e65f30d0_0, 0;
    %pushi/vec4 0, 0, 4;
    %assign/vec4 v0x6410e65f31b0_0, 0;
    %pushi/vec4 0, 0, 4;
    %assign/vec4 v0x6410e65f3290_0, 0;
    %pushi/vec4 0, 0, 4;
    %assign/vec4 v0x6410e65f3370_0, 0;
    %jmp T_3.1;
T_3.0 ;
    %load/vec4 v0x6410e65f3790_0;
    %assign/vec4 v0x6410e65f3bb0_0, 0;
    %load/vec4 v0x6410e65f3bb0_0;
    %cmpi/ne 1, 0, 3;
    %jmp/0xz  T_3.2, 4;
    %pushi/vec4 0, 0, 2;
    %assign/vec4 v0x6410e65f2f10_0, 0;
T_3.2 ;
    %load/vec4 v0x6410e65f3bb0_0;
    %dup/vec4;
    %pushi/vec4 1, 0, 3;
    %cmp/u;
    %jmp/1 T_3.4, 6;
    %dup/vec4;
    %pushi/vec4 2, 0, 3;
    %cmp/u;
    %jmp/1 T_3.5, 6;
    %dup/vec4;
    %pushi/vec4 3, 0, 3;
    %cmp/u;
    %jmp/1 T_3.6, 6;
    %dup/vec4;
    %pushi/vec4 4, 0, 3;
    %cmp/u;
    %jmp/1 T_3.7, 6;
    %jmp T_3.9;
T_3.4 ;
    %pushi/vec4 0, 0, 1;
    %assign/vec4 v0x6410e65f3610_0, 0;
    %pushi/vec4 0, 0, 1;
    %assign/vec4 v0x6410e65f27e0_0, 0;
    %load/vec4 v0x6410e65f2f10_0;
    %dup/vec4;
    %pushi/vec4 0, 0, 2;
    %cmp/u;
    %jmp/1 T_3.10, 6;
    %dup/vec4;
    %pushi/vec4 1, 0, 2;
    %cmp/u;
    %jmp/1 T_3.11, 6;
    %dup/vec4;
    %pushi/vec4 2, 0, 2;
    %cmp/u;
    %jmp/1 T_3.12, 6;
    %jmp T_3.14;
T_3.10 ;
    %pushi/vec4 0, 0, 4;
    %assign/vec4 v0x6410e65f3c70_0, 0;
    %pushi/vec4 0, 0, 4;
    %assign/vec4 v0x6410e65f3d50_0, 0;
    %pushi/vec4 0, 0, 4;
    %assign/vec4 v0x6410e65f3e30_0, 0;
    %pushi/vec4 0, 0, 4;
    %assign/vec4 v0x6410e65f3f10_0, 0;
    %pushi/vec4 0, 0, 4;
    %assign/vec4 v0x6410e65f4200_0, 0;
    %pushi/vec4 0, 0, 4;
    %assign/vec4 v0x6410e65f2ff0_0, 0;
    %pushi/vec4 0, 0, 4;
    %assign/vec4 v0x6410e65f30d0_0, 0;
    %pushi/vec4 0, 0, 4;
    %assign/vec4 v0x6410e65f31b0_0, 0;
    %pushi/vec4 0, 0, 4;
    %assign/vec4 v0x6410e65f3290_0, 0;
    %pushi/vec4 0, 0, 4;
    %assign/vec4 v0x6410e65f3370_0, 0;
    %pushi/vec4 0, 0, 3;
    %assign/vec4 v0x6410e65f42e0_0, 0;
    %pushi/vec4 0, 0, 3;
    %assign/vec4 v0x6410e65f3450_0, 0;
    %pushi/vec4 0, 0, 6;
    %assign/vec4 v0x6410e65f43c0_0, 0;
    %pushi/vec4 0, 0, 6;
    %assign/vec4 v0x6410e65f3530_0, 0;
    %load/vec4 v0x6410e65f36d0_0;
    %parti/s 4, 0, 2;
    %assign/vec4 v0x6410e65f3c70_0, 0;
    %load/vec4 v0x6410e65f36d0_0;
    %parti/s 6, 0, 2;
    %assign/vec4 v0x6410e65f43c0_0, 0;
    %pushi/vec4 1, 0, 3;
    %assign/vec4 v0x6410e65f42e0_0, 0;
    %pushi/vec4 1, 0, 2;
    %assign/vec4 v0x6410e65f2f10_0, 0;
    %jmp T_3.14;
T_3.11 ;
    %load/vec4 v0x6410e65f43c0_0;
    %load/vec4 v0x6410e65f36d0_0;
    %parti/s 6, 0, 2;
    %add;
    %cmpi/e 21, 0, 6;
    %jmp/0xz  T_3.15, 4;
    %pushi/vec4 1, 0, 1;
    %assign/vec4 v0x6410e65f27e0_0, 0;
T_3.15 ;
    %load/vec4 v0x6410e65f36d0_0;
    %parti/s 4, 0, 2;
    %assign/vec4 v0x6410e65f3d50_0, 0;
    %load/vec4 v0x6410e65f43c0_0;
    %load/vec4 v0x6410e65f36d0_0;
    %parti/s 6, 0, 2;
    %add;
    %assign/vec4 v0x6410e65f43c0_0, 0;
    %pushi/vec4 2, 0, 3;
    %assign/vec4 v0x6410e65f42e0_0, 0;
    %pushi/vec4 2, 0, 2;
    %assign/vec4 v0x6410e65f2f10_0, 0;
    %jmp T_3.14;
T_3.12 ;
    %load/vec4 v0x6410e65f36d0_0;
    %parti/s 4, 0, 2;
    %assign/vec4 v0x6410e65f2ff0_0, 0;
    %load/vec4 v0x6410e65f36d0_0;
    %parti/s 6, 0, 2;
    %assign/vec4 v0x6410e65f3530_0, 0;
    %pushi/vec4 1, 0, 3;
    %assign/vec4 v0x6410e65f3450_0, 0;
    %pushi/vec4 3, 0, 2;
    %assign/vec4 v0x6410e65f2f10_0, 0;
    %jmp T_3.14;
T_3.14 ;
    %pop/vec4 1;
    %jmp T_3.9;
T_3.5 ;
    %load/vec4 v0x6410e65f28f0_0;
    %flag_set/vec4 8;
    %jmp/0xz  T_3.17, 8;
    %load/vec4 v0x6410e65f36d0_0;
    %store/vec4 v0x6410e65f2390_0, 0, 5;
    %fork TD_tb_blackjack_core.uut.give_card_to_user, S_0x6410e65f21b0;
    %join;
    %pushi/vec4 1, 0, 1;
    %assign/vec4 v0x6410e65f3610_0, 0;
    %jmp T_3.18;
T_3.17 ;
    %load/vec4 v0x6410e65f29b0_0;
    %flag_set/vec4 8;
    %jmp/0xz  T_3.19, 8;
    %load/vec4 v0x6410e65f36d0_0;
    %store/vec4 v0x6410e65f2390_0, 0, 5;
    %fork TD_tb_blackjack_core.uut.give_card_to_user, S_0x6410e65f21b0;
    %join;
T_3.19 ;
T_3.18 ;
    %jmp T_3.9;
T_3.6 ;
    %load/vec4 v0x6410e65f3530_0;
    %cmpi/u 17, 0, 6;
    %jmp/0xz  T_3.21, 5;
    %load/vec4 v0x6410e65f36d0_0;
    %store/vec4 v0x6410e65f20d0_0, 0, 5;
    %fork TD_tb_blackjack_core.uut.give_card_to_dealer, S_0x6410e65f1f20;
    %join;
T_3.21 ;
    %jmp T_3.9;
T_3.7 ;
    %load/vec4 v0x6410e65f27e0_0;
    %flag_set/vec4 8;
    %jmp/0xz  T_3.23, 8;
    %load/vec4 v0x6410e65f2700_0;
    %addi 75, 0, 10;
    %assign/vec4 v0x6410e65f2700_0, 0;
    %jmp T_3.24;
T_3.23 ;
    %load/vec4 v0x6410e65f43c0_0;
    %cmpi/u 21, 0, 6;
    %flag_or 5, 4; GT is !LE
    %flag_inv 5;
    %jmp/0xz  T_3.25, 5;
    %load/vec4 v0x6410e65f2700_0;
    %subi 50, 0, 10;
    %assign/vec4 v0x6410e65f2700_0, 0;
    %jmp T_3.26;
T_3.25 ;
    %load/vec4 v0x6410e65f3530_0;
    %cmpi/u 21, 0, 6;
    %flag_or 5, 4; GT is !LE
    %flag_inv 5;
    %jmp/1 T_3.29, 5;
    %flag_mov 8, 5;
    %load/vec4 v0x6410e65f3530_0;
    %load/vec4 v0x6410e65f43c0_0;
    %cmp/u;
    %flag_or 5, 8;
T_3.29;
    %jmp/0xz  T_3.27, 5;
    %load/vec4 v0x6410e65f2700_0;
    %addi 50, 0, 10;
    %load/vec4 v0x6410e65f3610_0;
    %pad/u 10;
    %muli 50, 0, 10;
    %add;
    %assign/vec4 v0x6410e65f2700_0, 0;
    %jmp T_3.28;
T_3.27 ;
    %load/vec4 v0x6410e65f43c0_0;
    %load/vec4 v0x6410e65f3530_0;
    %cmp/u;
    %jmp/0xz  T_3.30, 5;
    %load/vec4 v0x6410e65f2700_0;
    %subi 50, 0, 10;
    %load/vec4 v0x6410e65f3610_0;
    %pad/u 10;
    %muli 50, 0, 10;
    %sub;
    %assign/vec4 v0x6410e65f2700_0, 0;
T_3.30 ;
T_3.28 ;
T_3.26 ;
T_3.24 ;
    %jmp T_3.9;
T_3.9 ;
    %pop/vec4 1;
T_3.1 ;
    %jmp T_3;
    .thread T_3;
    .scope S_0x6410e65bf910;
T_4 ;
    %wait E_0x6410e65a1ed0;
    %load/vec4 v0x6410e65f3bb0_0;
    %store/vec4 v0x6410e65f3790_0, 0, 3;
    %load/vec4 v0x6410e65f3bb0_0;
    %dup/vec4;
    %pushi/vec4 0, 0, 3;
    %cmp/u;
    %jmp/1 T_4.0, 6;
    %dup/vec4;
    %pushi/vec4 1, 0, 3;
    %cmp/u;
    %jmp/1 T_4.1, 6;
    %dup/vec4;
    %pushi/vec4 2, 0, 3;
    %cmp/u;
    %jmp/1 T_4.2, 6;
    %dup/vec4;
    %pushi/vec4 3, 0, 3;
    %cmp/u;
    %jmp/1 T_4.3, 6;
    %dup/vec4;
    %pushi/vec4 4, 0, 3;
    %cmp/u;
    %jmp/1 T_4.4, 6;
    %pushi/vec4 0, 0, 3;
    %store/vec4 v0x6410e65f3790_0, 0, 3;
    %jmp T_4.6;
T_4.0 ;
    %load/vec4 v0x6410e65f2b30_0;
    %flag_set/vec4 8;
    %jmp/0xz  T_4.7, 8;
    %pushi/vec4 1, 0, 3;
    %store/vec4 v0x6410e65f3790_0, 0, 3;
T_4.7 ;
    %jmp T_4.6;
T_4.1 ;
    %load/vec4 v0x6410e65f2f10_0;
    %cmpi/e 3, 0, 2;
    %jmp/0xz  T_4.9, 4;
    %load/vec4 v0x6410e65f27e0_0;
    %flag_set/vec4 8;
    %jmp/0xz  T_4.11, 8;
    %pushi/vec4 4, 0, 3;
    %store/vec4 v0x6410e65f3790_0, 0, 3;
    %jmp T_4.12;
T_4.11 ;
    %pushi/vec4 2, 0, 3;
    %store/vec4 v0x6410e65f3790_0, 0, 3;
T_4.12 ;
    %jmp T_4.10;
T_4.9 ;
    %pushi/vec4 1, 0, 3;
    %store/vec4 v0x6410e65f3790_0, 0, 3;
T_4.10 ;
    %jmp T_4.6;
T_4.2 ;
    %load/vec4 v0x6410e65f3850_0;
    %flag_set/vec4 8;
    %jmp/0xz  T_4.13, 8;
    %pushi/vec4 3, 0, 3;
    %store/vec4 v0x6410e65f3790_0, 0, 3;
    %jmp T_4.14;
T_4.13 ;
    %load/vec4 v0x6410e65f43c0_0;
    %cmpi/u 21, 0, 6;
    %flag_or 5, 4; GT is !LE
    %flag_inv 5;
    %jmp/0xz  T_4.15, 5;
    %pushi/vec4 4, 0, 3;
    %store/vec4 v0x6410e65f3790_0, 0, 3;
    %jmp T_4.16;
T_4.15 ;
    %pushi/vec4 2, 0, 3;
    %store/vec4 v0x6410e65f3790_0, 0, 3;
T_4.16 ;
T_4.14 ;
    %jmp T_4.6;
T_4.3 ;
    %load/vec4 v0x6410e65f3530_0;
    %cmpi/u 17, 0, 6;
    %flag_inv 5; GE is !LT
    %jmp/0xz  T_4.17, 5;
    %pushi/vec4 4, 0, 3;
    %store/vec4 v0x6410e65f3790_0, 0, 3;
    %jmp T_4.18;
T_4.17 ;
    %pushi/vec4 3, 0, 3;
    %store/vec4 v0x6410e65f3790_0, 0, 3;
T_4.18 ;
    %jmp T_4.6;
T_4.4 ;
    %pushi/vec4 0, 0, 3;
    %store/vec4 v0x6410e65f3790_0, 0, 3;
    %jmp T_4.6;
T_4.6 ;
    %pop/vec4 1;
    %jmp T_4;
    .thread T_4, $push;
    .scope S_0x6410e65cf1c0;
T_5 ;
    %pushi/vec4 0, 0, 1;
    %store/vec4 v0x6410e65f4880_0, 0, 1;
    %pushi/vec4 0, 0, 1;
    %store/vec4 v0x6410e65f5230_0, 0, 1;
    %end;
    .thread T_5;
    .scope S_0x6410e65cf1c0;
T_6 ;
    %delay 5000, 0;
    %load/vec4 v0x6410e65f4880_0;
    %inv;
    %store/vec4 v0x6410e65f4880_0, 0, 1;
    %jmp T_6;
    .thread T_6;
    .scope S_0x6410e65cf1c0;
T_7 ;
    %vpi_call 2 59 "$dumpfile", "dump.vcd" {0 0 0};
    %vpi_call 2 60 "$dumpvars", 32'sb00000000000000000000000000000000 {0 0 0};
    %end;
    .thread T_7;
    .scope S_0x6410e65cf1c0;
T_8 ;
    %vpi_call 2 65 "$display", " time  | user_total dealer_total balance  last_card deal_cnt bj" {0 0 0};
    %vpi_call 2 66 "$monitor", "%5t | %3d        %3d          %3d      %2d        %1d       %b", $time, v0x6410e65f5850_0, v0x6410e65f5090_0, v0x6410e65f47a0_0, v0x6410e65f4ac0_0, v0x6410e65f49f0_0, v0x6410e65f4920_0 {0 0 0};
    %end;
    .thread T_8;
    .scope S_0x6410e65cf1c0;
T_9 ;
    %pushi/vec4 0, 0, 1;
    %store/vec4 v0x6410e65f5230_0, 0, 1;
    %pushi/vec4 0, 0, 1;
    %store/vec4 v0x6410e65f5160_0, 0, 1;
    %pushi/vec4 0, 0, 1;
    %store/vec4 v0x6410e65f52d0_0, 0, 1;
    %pushi/vec4 0, 0, 1;
    %store/vec4 v0x6410e65f4bb0_0, 0, 1;
    %pushi/vec4 0, 0, 1;
    %store/vec4 v0x6410e65f5370_0, 0, 1;
    %delay 20000, 0;
    %pushi/vec4 1, 0, 1;
    %store/vec4 v0x6410e65f5230_0, 0, 1;
    %delay 20000, 0;
    %pushi/vec4 1, 0, 1;
    %store/vec4 v0x6410e65f5370_0, 0, 1;
    %delay 10000, 0;
    %pushi/vec4 0, 0, 1;
    %store/vec4 v0x6410e65f5370_0, 0, 1;
    %delay 100000, 0;
    %pushi/vec4 1, 0, 1;
    %store/vec4 v0x6410e65f5160_0, 0, 1;
    %delay 10000, 0;
    %pushi/vec4 0, 0, 1;
    %store/vec4 v0x6410e65f5160_0, 0, 1;
    %delay 50000, 0;
    %pushi/vec4 1, 0, 1;
    %store/vec4 v0x6410e65f52d0_0, 0, 1;
    %delay 10000, 0;
    %pushi/vec4 0, 0, 1;
    %store/vec4 v0x6410e65f52d0_0, 0, 1;
    %delay 300000, 0;
    %delay 200000, 0;
    %vpi_call 2 100 "$finish" {0 0 0};
    %end;
    .thread T_9;
# The file index is used to find the file name in the following table.
:file_names 6;
    "N/A";
    "<interactive>";
    "tb_blackjack_core.v";
    "blackjack_core.v";
    "rng_card.v";
    "lfsr16.v";
